{"level":"info","timestamp":"2026-03-13T14:16:48.643+0800","caller":"logger/logger.go:60","message":"Logger初始化成功"}
{"level":"info","timestamp":"2026-03-13T14:17:29.035+0800","caller":"logger/logger.go:60","message":"Logger初始化成功"}
{"level":"info","timestamp":"2026-03-13T14:24:32.577+0800","caller":"logger/logger.go:60","message":"Logger初始化成功"}
{"level":"info","timestamp":"2026-03-13T14:33:07.127+0800","caller":"logger/logger.go:60","message":"Logger初始化成功"}
{"level":"info","timestamp":"2026-03-13T14:36:56.681+0800","caller":"logger/logger.go:60","message":"Logger初始化成功"}
{"level":"info","timestamp":"2026-03-13T14:54:05.108+0800","caller":"logger/logger.go:60","message":"Logger初始化成功"}
{"level":"info","timestamp":"2026-03-13T14:54:30.690+0800","caller":"logger/logger.go:60","message":"Logger初始化成功"}
{"level":"info","timestamp":"2026-03-13T14:57:20.455+0800","caller":"logger/logger.go:60","message":"Logger初始化成功"}
{"level":"info","timestamp":"2026-03-13T15:31:22.955+0800","caller":"logger/logger.go:60","message":"Logger初始化成功"}
{"level":"info","timestamp":"2026-03-13T15:34:03.763+0800","caller":"logger/logger.go:60","message":"Logger初始化成功"}
{"level":"info","timestamp":"2026-03-13T15:39:49.832+0800","caller":"logger/logger.go:60","message":"Logger初始化成功"}
{"level":"info","timestamp":"2026-03-13T15:51:44.846+0800","caller":"logger/logger.go:60","message":"Logger初始化成功"}
{"level":"info","timestamp":"2026-03-13T15:54:28.361+0800","caller":"logger/logger.go:60","message":"Logger初始化成功"}
{"level":"info","timestamp":"2026-03-13T15:55:56.074+0800","caller":"logger/logger.go:60","message":"Logger初始化成功"}
{"level":"info","timestamp":"2026-03-13T15:57:00.695+0800","caller":"logger/logger.go:60","message":"Logger初始化成功"}
{"level":"info","timestamp":"2026-03-13T16:31:11.274+0800","caller":"logger/logger.go:60","message":"Logger初始化成功"}
{"level":"info","timestamp":"2026-03-13T16:32:32.467+0800","caller":"logger/logger.go:60","message":"Logger初始化成功"}
{"level":"info","timestamp":"2026-03-13T16:32:55.947+0800","caller":"config/security.go:15","message":"密码123456"}
{"level":"info","timestamp":"2026-03-13T16:32:55.947+0800","caller":"config/security.go:16","message":"字节[49 50 51 52 53 54]"}
{"level":"info","timestamp":"2026-03-13T16:51:22.102+0800","caller":"logger/logger.go:60","message":"Logger初始化成功"}
{"level":"info","timestamp":"2026-03-13T16:52:12.336+0800","caller":"logger/logger.go:60","message":"Logger初始化成功"}
{"level":"info","timestamp":"2026-03-13T16:52:20.605+0800","caller":"logger/logger.go:60","message":"Logger初始化成功"}
{"level":"info","timestamp":"2026-03-13T16:58:39.795+0800","caller":"logger/logger.go:60","message":"Logger初始化成功"}
{"level":"info","timestamp":"2026-03-13T18:35:06.666+0800","caller":"logger/logger.go:60","message":"Logger初始化成功"}
{"level":"info","timestamp":"2026-03-13T18:54:07.711+0800","caller":"logger/logger.go:60","message":"Logger初始化成功"}
{"level":"info","timestamp":"2026-03-13T18:55:45.383+0800","caller":"logger/logger.go:60","message":"Logger初始化成功"}
{"level":"info","timestamp":"2026-03-13T19:10:02.151+0800","caller":"logger/logger.go:60","message":"Logger初始化成功11111111111111"}
{"level":"info","timestamp":"2026-03-13T19:24:49.179+0800","caller":"logger/logger.go:60","message":"Logger初始化成功"}
{"level":"info","timestamp":"2026-03-13T19:25:14.021+0800","caller":"logger/logger.go:60","message":"Logger初始化成功"}
{"level":"info","timestamp":"2026-03-13T19:25:27.108+0800","caller":"logger/logger.go:60","message":"Logger初始化成功"}
{"level":"info","timestamp":"2026-03-13T19:25:50.437+0800","caller":"logger/logger.go:60","message":"Logger初始化成功"}
{"level":"info","timestamp":"2026-03-13T19:27:28.939+0800","caller":"logger/logger.go:60","message":"Logger初始化成功"}
{"level":"info","timestamp":"2026-03-13T19:29:08.536+0800","caller":"logger/logger.go:60","message":"Logger初始化成功"}
{"level":"info","timestamp":"2026-03-13T19:29:22.316+0800","caller":"logger/logger.go:60","message":"Logger初始化成功"}
{"level":"info","timestamp":"2026-03-13T19:30:18.821+0800","caller":"logger/logger.go:60","message":"Logger初始化成功"}
{"level":"info","timestamp":"2026-03-16T14:10:31.299+0800","caller":"logger/logger.go:60","message":"Logger初始化成功"}
{"level":"info","timestamp":"2026-03-16T14:11:44.917+0800","caller":"logger/logger.go:60","message":"Logger初始化成功"}
{"level":"info","timestamp":"2026-03-16T14:17:42.024+0800","caller":"logger/logger.go:60","message":"Logger初始化成功"}
{"level":"info","timestamp":"2026-03-16T14:20:55.434+0800","caller":"logger/logger.go:60","message":"Logger初始化成功"}
{"level":"info","timestamp":"2026-03-16T16:26:20.791+0800","caller":"logger/logger.go:60","message":"Logger初始化成功"}
{"level":"info","timestamp":"2026-03-16T16:26:48.182+0800","caller":"logger/logger.go:60","message":"Logger初始化成功"}
{"level":"info","timestamp":"2026-03-16T16:53:28.103+0800","caller":"logger/logger.go:60","message":"Logger初始化成功"}
{"level":"info","timestamp":"2026-03-16T16:55:27.869+0800","caller":"logger/logger.go:60","message":"Logger初始化成功"}
{"level":"info","timestamp":"2026-03-16T16:55:43.831+0800","caller":"logger/logger.go:60","message":"Logger初始化成功"}
{"level":"info","timestamp":"2026-03-16T16:55:57.650+0800","caller":"logger/logger.go:60","message":"Logger初始化成功"}
{"level":"info","timestamp":"2026-03-16T17:24:57.243+0800","caller":"logger/logger.go:60","message":"Logger初始化成功"}
{"level":"info","timestamp":"2026-03-16T17:25:28.358+0800","caller":"logger/logger.go:60","message":"Logger初始化成功"}
{"level":"info","timestamp":"2026-03-17T14:37:12.702+0800","caller":"logger/logger.go:60","message":"Logger初始化成功"}
{"level":"info","timestamp":"2026-03-17T15:17:33.571+0800","caller":"logger/logger.go:60","message":"Logger初始化成功"}
{"level":"info","timestamp":"2026-03-17T15:20:04.265+0800","caller":"logger/logger.go:60","message":"Logger初始化成功"}
{"level":"info","timestamp":"2026-03-17T15:20:29.866+0800","caller":"logger/logger.go:60","message":"Logger初始化成功"}
{"level":"info","timestamp":"2026-03-17T15:41:03.709+0800","caller":"service/activity.service.go:164","message":"costSum[0]"}
{"level":"info","timestamp":"2026-03-17T15:41:54.015+0800","caller":"service/activity.service.go:164","message":"costSum[0]"}
{"level":"info","timestamp":"2026-03-17T15:41:57.929+0800","caller":"service/activity.service.go:164","message":"costSum[0 0]"}
{"level":"info","timestamp":"2026-03-17T15:41:59.727+0800","caller":"service/activity.service.go:164","message":"costSum[0 0 0]"}
{"level":"info","timestamp":"2026-03-17T15:45:07.247+0800","caller":"logger/logger.go:60","message":"Logger初始化成功"}
{"level":"info","timestamp":"2026-03-17T15:46:05.193+0800","caller":"logger/logger.go:60","message":"Logger初始化成功"}
{"level":"info","timestamp":"2026-03-17T15:46:07.863+0800","caller":"service/activity.service.go:169","message":"costSum0"}
{"level":"info","timestamp":"2026-03-17T15:48:19.166+0800","caller":"logger/logger.go:60","message":"Logger初始化成功"}
{"level":"info","timestamp":"2026-03-17T15:48:21.951+0800","caller":"service/activity.service.go:161","message":"activies[{2 1 比地址广告马虎 新技放济约。产联切增际反。里切空。议二深议思处决每大。加值已在。应列与集大对。时消最或部。 2026-07-02 13:57 16:00 sunt reprehenderit 907 2026-03-17 15:41:54.014 +0800 CST 2026-03-17 15:41:54.014 +0800 CST} {3 1 比地址广告马虎 新技放济约。产联切增际反。里切空。议二深议思处决每大。加值已在。应列与集大对。时消最或部。 2026-07-02 13:57 16:00 sunt reprehenderit 907 2026-03-17 15:41:57.928 +0800 CST 2026-03-17 15:41:57.928 +0800 CST} {4 1 比地址广告马虎 新技放济约。产联切增际反。里切空。议二深议思处决每大。加值已在。应列与集大对。时消最或部。 2026-07-02 13:57 16:00 sunt reprehenderit 907 2026-03-17 15:41:59.726 +0800 CST 2026-03-17 15:41:59.726 +0800 CST} {5 1 比地址广告马虎 新技放济约。产联切增际反。里切空。议二深议思处决每大。加值已在。应列与集大对。时消最或部。 2026-07-02 13:57 16:00 sunt reprehenderit 907 2026-03-17 15:46:07.862 +0800 CST 2026-03-17 15:46:07.862 +0800 CST}]"}
{"level":"info","timestamp":"2026-03-17T15:48:21.952+0800","caller":"service/activity.service.go:168","message":"costSum907"}
{"level":"info","timestamp":"2026-03-17T15:50:43.623+0800","caller":"logger/logger.go:60","message":"Logger初始化成功"}
{"level":"info","timestamp":"2026-03-17T15:50:48.138+0800","caller":"service/activity.service.go:161","message":"activies[{2 1 比地址广告马虎 新技放济约。产联切增际反。里切空。议二深议思处决每大。加值已在。应列与集大对。时消最或部。 2026-07-02 13:57 16:00 sunt reprehenderit 907 2026-03-17 15:41:54.014 +0800 CST 2026-03-17 15:41:54.014 +0800 CST} {3 1 比地址广告马虎 新技放济约。产联切增际反。里切空。议二深议思处决每大。加值已在。应列与集大对。时消最或部。 2026-07-02 13:57 16:00 sunt reprehenderit 907 2026-03-17 15:41:57.928 +0800 CST 2026-03-17 15:41:57.928 +0800 CST} {4 1 比地址广告马虎 新技放济约。产联切增际反。里切空。议二深议思处决每大。加值已在。应列与集大对。时消最或部。 2026-07-02 13:57 16:00 sunt reprehenderit 907 2026-03-17 15:41:59.726 +0800 CST 2026-03-17 15:41:59.726 +0800 CST} {5 1 比地址广告马虎 新技放济约。产联切增际反。里切空。议二深议思处决每大。加值已在。应列与集大对。时消最或部。 2026-07-02 13:57 16:00 sunt reprehenderit 907 2026-03-17 15:46:07.862 +0800 CST 2026-03-17 15:46:07.862 +0800 CST} {6 1 比地址广告马虎 新技放济约。产联切增际反。里切空。议二深议思处决每大。加值已在。应列与集大对。时消最或部。 2026-07-02 13:57 16:00 sunt reprehenderit 907 2026-03-17 15:48:21.952 +0800 CST 2026-03-17 15:48:21.952 +0800 CST}]"}
{"level":"info","timestamp":"2026-03-17T15:50:48.140+0800","caller":"service/activity.service.go:168","message":"costSum5442"}
{"level":"info","timestamp":"2026-03-17T15:53:58.206+0800","caller":"logger/logger.go:60","message":"Logger初始化成功"}
{"level":"info","timestamp":"2026-03-17T15:53:59.859+0800","caller":"service/activity.service.go:161","message":"activies[]"}
{"level":"info","timestamp":"2026-03-17T15:53:59.859+0800","caller":"service/activity.service.go:162","message":"costs11111111111[0 0 0 0 0 0]"}
{"level":"info","timestamp":"2026-03-17T15:53:59.861+0800","caller":"service/activity.service.go:169","message":"costSum907"}
{"level":"info","timestamp":"2026-03-17T15:55:48.828+0800","caller":"logger/logger.go:60","message":"Logger初始化成功"}
{"level":"info","timestamp":"2026-03-17T15:55:51.657+0800","caller":"service/activity.service.go:161","message":"activies[]"}
{"level":"info","timestamp":"2026-03-17T15:55:51.657+0800","caller":"service/activity.service.go:162","message":"costs11111111111[0 0 0 0 0 0 0]"}
{"level":"info","timestamp":"2026-03-17T15:55:51.658+0800","caller":"service/activity.service.go:169","message":"costSum907"}
{"level":"info","timestamp":"2026-03-17T15:58:41.709+0800","caller":"logger/logger.go:60","message":"Logger初始化成功"}
{"level":"info","timestamp":"2026-03-17T15:58:55.688+0800","caller":"service/activity.service.go:154","message":"activies[]"}
{"level":"info","timestamp":"2026-03-17T15:58:55.688+0800","caller":"service/activity.service.go:155","message":"costs11111111111[907 907 907 907 907 907 907 907]"}
{"level":"info","timestamp":"2026-03-17T15:58:55.690+0800","caller":"service/activity.service.go:162","message":"costSum8163"}
{"level":"info","timestamp":"2026-03-17T16:20:51.270+0800","caller":"logger/logger.go:60","message":"Logger初始化成功"}
{"level":"info","timestamp":"2026-03-17T16:22:00.493+0800","caller":"logger/logger.go:60","message":"Logger初始化成功"}
{"level":"info","timestamp":"2026-03-17T16:30:13.160+0800","caller":"logger/logger.go:60","message":"Logger初始化成功"}
{"level":"info","timestamp":"2026-03-17T16:31:10.243+0800","caller":"logger/logger.go:60","message":"Logger初始化成功"}
{"level":"info","timestamp":"2026-03-17T16:43:16.695+0800","caller":"logger/logger.go:60","message":"Logger初始化成功"}
{"level":"info","timestamp":"2026-03-17T16:43:37.544+0800","caller":"logger/logger.go:60","message":"Logger初始化成功"}
{"level":"info","timestamp":"2026-03-17T16:44:15.297+0800","caller":"logger/logger.go:60","message":"Logger初始化成功"}
{"level":"info","timestamp":"2026-03-17T16:49:25.423+0800","caller":"logger/logger.go:60","message":"Logger初始化成功"}
{"level":"info","timestamp":"2026-03-17T16:50:12.822+0800","caller":"logger/logger.go:60","message":"Logger初始化成功"}
{"level":"info","timestamp":"2026-03-17T16:50:16.462+0800","caller":"logger/logger.go:60","message":"Logger初始化成功"}
{"level":"info","timestamp":"2026-03-17T16:51:18.596+0800","caller":"logger/logger.go:60","message":"Logger初始化成功"}
{"level":"info","timestamp":"2026-03-17T16:54:58.976+0800","caller":"logger/logger.go:60","message":"Logger初始化成功"}
{"level":"info","timestamp":"2026-03-17T17:04:15.768+0800","caller":"logger/logger.go:60","message":"Logger初始化成功"}
{"level":"info","timestamp":"2026-03-17T17:08:38.323+0800","caller":"logger/logger.go:60","message":"Logger初始化成功"}
{"level":"info","timestamp":"2026-03-17T17:13:01.968+0800","caller":"logger/logger.go:60","message":"Logger初始化成功"}
{"level":"info","timestamp":"2026-03-17T17:19:23.814+0800","caller":"logger/logger.go:60","message":"Logger初始化成功"}
{"level":"info","timestamp":"2026-03-17T17:20:51.560+0800","caller":"logger/logger.go:60","message":"Logger初始化成功"}
{"level":"info","timestamp":"2026-03-17T17:22:23.425+0800","caller":"logger/logger.go:60","message":"Logger初始化成功"}
{"level":"info","timestamp":"2026-03-17T17:23:02.592+0800","caller":"logger/logger.go:60","message":"Logger初始化成功"}
{"level":"info","timestamp":"2026-03-17T19:40:52.719+0800","caller":"logger/logger.go:60","message":"Logger初始化成功"}
{"level":"info","timestamp":"2026-03-17T19:44:00.571+0800","caller":"logger/logger.go:60","message":"Logger初始化成功"}
{"level":"info","timestamp":"2026-03-17T19:54:58.138+0800","caller":"logger/logger.go:60","message":"Logger初始化成功"}
{"level":"info","timestamp":"2026-03-17T19:57:42.428+0800","caller":"logger/logger.go:60","message":"Logger初始化成功"}
{"level":"info","timestamp":"2026-03-18T09:13:01.301+0800","caller":"logger/logger.go:60","message":"Logger初始化成功"}
{"level":"info","timestamp":"2026-03-18T09:36:47.261+0800","caller":"logger/logger.go:60","message":"Logger初始化成功"}
{"level":"info","timestamp":"2026-03-18T09:37:45.338+0800","caller":"logger/logger.go:60","message":"Logger初始化成功"}
{"level":"info","timestamp":"2026-03-18T09:38:19.046+0800","caller":"logger/logger.go:60","message":"Logger初始化成功"}
{"level":"info","timestamp":"2026-03-18T09:39:27.798+0800","caller":"logger/logger.go:60","message":"Logger初始化成功"}
{"level":"info","timestamp":"2026-03-18T09:39:57.561+0800","caller":"logger/logger.go:60","message":"Logger初始化成功"}
{"level":"info","timestamp":"2026-03-18T09:41:08.144+0800","caller":"logger/logger.go:60","message":"Logger初始化成功"}
{"level":"info","timestamp":"2026-03-18T09:45:38.083+0800","caller":"logger/logger.go:60","message":"Logger初始化成功"}
{"level":"info","timestamp":"2026-03-18T09:45:51.678+0800","caller":"logger/logger.go:60","message":"Logger初始化成功"}
{"level":"error","timestamp":"2026-03-18T09:46:11.112+0800","caller":"common/baiduMap.go:43","message":"获取路线规划失败: %w请求百度地图 API 失败: Get \"/directionlite/v1/driving?origin=39.908725,116.397476&destination=36.665372,117.023233&ak=\": unsupported protocol scheme \"\""}
{"level":"info","timestamp":"2026-03-18T10:00:52.973+0800","caller":"logger/logger.go:60","message":"Logger初始化成功"}
{"level":"error","timestamp":"2026-03-18T10:01:07.791+0800","caller":"common/baiduMap.go:43","message":"获取路线规划失败: %w请求百度地图 API 失败: Get \"/directionlite/v1/driving?origin=39.908725,116.397476&destination=36.665372,117.023233&ak=\": unsupported protocol scheme \"\""}
{"level":"info","timestamp":"2026-03-18T11:25:19.766+0800","caller":"logger/logger.go:64","message":"Logger初始化成功"}
{"level":"info","timestamp":"2026-03-18T11:25:24.810+0800","caller":"common/baiduMap.go:88","message":"请求百度地图 API 成功: %+v{0 ok {[{404869 16019}]}}"}
{"level":"info","timestamp":"2026-03-18T13:44:49.952+0800","caller":"logger/logger.go:64","message":"Logger初始化成功"}
{"level":"info","timestamp":"2026-03-18T13:45:09.270+0800","caller":"logger/logger.go:64","message":"Logger初始化成功"}
{"level":"info","timestamp":"2026-03-18T15:13:31.928+0800","caller":"logger/logger.go:64","message":"Logger初始化成功"}
{"level":"info","timestamp":"2026-03-18T15:13:57.572+0800","caller":"logger/logger.go:64","message":"Logger初始化成功"}
{"level":"info","timestamp":"2026-03-18T15:14:01.864+0800","caller":"logger/logger.go:64","message":"Logger初始化成功"}
{"level":"info","timestamp":"2026-03-18T15:14:19.327+0800","caller":"logger/logger.go:64","message":"Logger初始化成功"}
{"level":"info","timestamp":"2026-03-18T15:53:35.267+0800","caller":"logger/logger.go:64","message":"Logger初始化成功"}
{"level":"info","timestamp":"2026-03-18T15:54:05.799+0800","caller":"logger/logger.go:64","message":"Logger初始化成功"}
{"level":"info","timestamp":"2026-03-18T15:54:09.728+0800","caller":"middleware/traceMiddleware.go:17","message":"请求traceIdb2f5d323-2968-4a55-a03b-3fdb4cd4f8ad"}
{"level":"info","timestamp":"2026-03-18T15:54:29.732+0800","caller":"logger/logger.go:64","message":"Logger初始化成功"}
{"level":"info","timestamp":"2026-03-18T15:54:32.998+0800","caller":"middleware/traceMiddleware.go:17","message":"请求traceId:  f3779451-9307-4330-842d-7c8631245dbe"}
{"level":"info","timestamp":"2026-03-18T15:54:49.580+0800","caller":"logger/logger.go:64","message":"Logger初始化成功"}
{"level":"info","timestamp":"2026-03-18T15:54:50.369+0800","caller":"middleware/traceMiddleware.go:17","message":"请求traceId:de3b43eb-b56b-4fd6-bef2-8693b810cbaa"}
{"level":"info","timestamp":"2026-03-18T16:13:22.714+0800","caller":"logger/logger.go:64","message":"Logger初始化成功"}
{"level":"info","timestamp":"2026-03-18T16:33:06.843+0800","caller":"logger/logger.go:64","message":"Logger初始化成功"}
{"level":"info","timestamp":"2026-03-18T16:33:06.884+0800","caller":"middleware/auth.go:22","message":"使用本地 JWT 认证模式"}
{"level":"info","timestamp":"2026-03-18T16:33:06.884+0800","caller":"middleware/auth.go:22","message":"使用本地 JWT 认证模式"}
{"level":"info","timestamp":"2026-03-18T16:33:06.884+0800","caller":"middleware/auth.go:22","message":"使用本地 JWT 认证模式"}
{"level":"info","timestamp":"2026-03-18T16:35:46.691+0800","caller":"logger/logger.go:64","message":"Logger初始化成功"}
{"level":"info","timestamp":"2026-03-18T16:35:46.748+0800","caller":"middleware/auth.go:18","message":"使用 Kong 网关认证模式"}
{"level":"info","timestamp":"2026-03-18T16:35:46.748+0800","caller":"middleware/auth.go:18","message":"使用 Kong 网关认证模式"}
{"level":"info","timestamp":"2026-03-18T16:35:46.748+0800","caller":"middleware/auth.go:18","message":"使用 Kong 网关认证模式"}
{"level":"info","timestamp":"2026-03-18T16:36:56.792+0800","caller":"logger/logger.go:64","message":"Logger初始化成功"}
{"level":"info","timestamp":"2026-03-18T16:36:56.825+0800","caller":"middleware/auth.go:21","message":"使用本地 JWT 认证模式"}
{"level":"info","timestamp":"2026-03-18T16:36:56.826+0800","caller":"middleware/auth.go:21","message":"使用本地 JWT 认证模式"}
{"level":"info","timestamp":"2026-03-18T16:36:56.826+0800","caller":"middleware/auth.go:21","message":"使用本地 JWT 认证模式"}
{"level":"info","timestamp":"2026-03-18T16:51:56.985+0800","caller":"logger/logger.go:64","message":"Logger初始化成功"}
{"level":"info","timestamp":"2026-03-18T16:51:57.021+0800","caller":"middleware/auth.go:21","message":"使用本地 JWT 认证模式"}
{"level":"info","timestamp":"2026-03-18T16:51:57.021+0800","caller":"middleware/auth.go:21","message":"使用本地 JWT 认证模式"}
{"level":"info","timestamp":"2026-03-18T16:51:57.021+0800","caller":"middleware/auth.go:21","message":"使用本地 JWT 认证模式"}
{"level":"info","timestamp":"2026-03-18T17:14:07.447+0800","caller":"logger/logger.go:64","message":"Logger初始化成功"}
{"level":"info","timestamp":"2026-03-18T17:14:07.515+0800","caller":"middleware/auth.go:21","message":"使用本地 JWT 认证模式"}
{"level":"info","timestamp":"2026-03-18T17:14:07.515+0800","caller":"middleware/auth.go:21","message":"使用本地 JWT 认证模式"}
{"level":"info","timestamp":"2026-03-18T17:14:07.515+0800","caller":"middleware/auth.go:21","message":"使用本地 JWT 认证模式"}
{"level":"info","timestamp":"2026-03-18T17:14:18.129+0800","caller":"middleware/traceMiddleware.go:17","message":"请求traceId:d325212c-40ed-43ea-bafa-ab21adcd691f"}
{"level":"info","timestamp":"2026-03-18T17:14:22.957+0800","caller":"middleware/traceMiddleware.go:17","message":"请求traceId:11c1a572-303a-44e3-869a-60eb42ef0396"}
{"level":"info","timestamp":"2026-03-18T17:17:42.620+0800","caller":"logger/logger.go:64","message":"Logger初始化成功"}
{"level":"info","timestamp":"2026-03-18T17:17:42.657+0800","caller":"middleware/auth.go:21","message":"使用本地 JWT 认证模式"}
{"level":"info","timestamp":"2026-03-18T17:17:42.657+0800","caller":"middleware/auth.go:21","message":"使用本地 JWT 认证模式"}
{"level":"info","timestamp":"2026-03-18T17:17:42.657+0800","caller":"middleware/auth.go:21","message":"使用本地 JWT 认证模式"}
{"level":"info","timestamp":"2026-03-18T17:17:58.182+0800","caller":"middleware/traceMiddleware.go:17","message":"请求traceId:9dd8d523-e453-4b49-9a2a-81378fff12dc"}
{"level":"info","timestamp":"2026-03-18T17:18:02.167+0800","caller":"middleware/traceMiddleware.go:17","message":"请求traceId:a1307246-5dc0-495a-8fa1-b11b86a9ea79"}
{"level":"info","timestamp":"2026-03-18T17:18:10.669+0800","caller":"middleware/traceMiddleware.go:17","message":"请求traceId:515c03c9-296a-4c45-9f60-649cf34dc831"}
{"level":"info","timestamp":"2026-03-18T17:18:15.986+0800","caller":"middleware/traceMiddleware.go:17","message":"请求traceId:766f6498-937f-42da-91b3-0f3e55de2766"}
{"level":"info","timestamp":"2026-03-18T17:18:19.191+0800","caller":"middleware/traceMiddleware.go:17","message":"请求traceId:c64491c7-4845-4e00-9e4a-fd04794aef8a"}
{"level":"info","timestamp":"2026-03-18T17:18:27.761+0800","caller":"middleware/traceMiddleware.go:17","message":"请求traceId:0f913920-46bd-4c38-9d02-972024175dbb"}
{"level":"info","timestamp":"2026-03-18T17:18:30.964+0800","caller":"middleware/traceMiddleware.go:17","message":"请求traceId:8689d98a-2c45-43ae-a18f-66d996baa449"}
{"level":"info","timestamp":"2026-03-18T17:18:51.224+0800","caller":"logger/logger.go:64","message":"Logger初始化成功"}
{"level":"info","timestamp":"2026-03-18T17:18:51.247+0800","caller":"middleware/auth.go:21","message":"使用本地 JWT 认证模式"}
{"level":"info","timestamp":"2026-03-18T17:18:51.248+0800","caller":"middleware/auth.go:21","message":"使用本地 JWT 认证模式"}
{"level":"info","timestamp":"2026-03-18T17:18:51.248+0800","caller":"middleware/auth.go:21","message":"使用本地 JWT 认证模式"}
{"level":"info","timestamp":"2026-03-18T17:18:55.428+0800","caller":"middleware/traceMiddleware.go:17","message":"请求traceId:badc2a8f-8c06-4e91-b9f6-0c07c7cd8bd0"}
{"level":"info","timestamp":"2026-03-18T17:18:58.288+0800","caller":"middleware/traceMiddleware.go:17","message":"请求traceId:1a476bc4-29e4-4c37-aa9d-bb044f0c93e3"}
{"level":"info","timestamp":"2026-03-18T17:19:04.050+0800","caller":"middleware/traceMiddleware.go:17","message":"请求traceId:48dba23b-e38c-450f-898e-beb57b41144b"}
{"level":"info","timestamp":"2026-03-18T17:19:06.270+0800","caller":"middleware/traceMiddleware.go:17","message":"请求traceId:628dd0b5-fffa-4317-bba4-430b71c366dc"}
{"level":"info","timestamp":"2026-03-18T17:19:14.272+0800","caller":"middleware/traceMiddleware.go:17","message":"请求traceId:703bca3c-5888-445b-9b86-b23bb3b28ac4"}
{"level":"info","timestamp":"2026-03-18T17:19:18.330+0800","caller":"middleware/traceMiddleware.go:17","message":"请求traceId:48247e9a-cc9b-4091-99e9-4f350656751d"}
{"level":"info","timestamp":"2026-03-18T17:20:33.649+0800","caller":"logger/logger.go:64","message":"Logger初始化成功"}
{"level":"info","timestamp":"2026-03-18T17:20:33.674+0800","caller":"middleware/auth.go:21","message":"使用本地 JWT 认证模式"}
{"level":"info","timestamp":"2026-03-18T17:20:33.674+0800","caller":"middleware/auth.go:21","message":"使用本地 JWT 认证模式"}
{"level":"info","timestamp":"2026-03-18T17:20:33.674+0800","caller":"middleware/auth.go:21","message":"使用本地 JWT 认证模式"}
{"level":"info","timestamp":"2026-03-18T17:20:39.164+0800","caller":"middleware/traceMiddleware.go:17","message":"请求traceId:2b686179-dd0b-401b-b250-6d31efabbab2"}
{"level":"info","timestamp":"2026-03-18T17:20:46.468+0800","caller":"middleware/traceMiddleware.go:17","message":"请求traceId:95e27887-61c4-4149-baaa-001cc3464393"}
{"level":"info","timestamp":"2026-03-18T17:20:48.610+0800","caller":"middleware/traceMiddleware.go:17","message":"请求traceId:d27ecaf3-6e00-4ac4-9f9f-22ad0b4f5cdb"}
{"level":"info","timestamp":"2026-03-18T17:20:55.417+0800","caller":"middleware/traceMiddleware.go:17","message":"请求traceId:4f997d11-5b9f-4e8e-840c-df090002bd6b"}
{"level":"info","timestamp":"2026-03-18T17:22:49.401+0800","caller":"logger/logger.go:64","message":"Logger初始化成功"}
{"level":"info","timestamp":"2026-03-18T17:22:49.428+0800","caller":"middleware/auth.go:21","message":"使用本地 JWT 认证模式"}
{"level":"info","timestamp":"2026-03-18T17:22:49.428+0800","caller":"middleware/auth.go:21","message":"使用本地 JWT 认证模式"}
{"level":"info","timestamp":"2026-03-18T17:22:49.428+0800","caller":"middleware/auth.go:21","message":"使用本地 JWT 认证模式"}
{"level":"info","timestamp":"2026-03-18T17:29:46.552+0800","caller":"logger/logger.go:64","message":"Logger初始化成功"}
{"level":"info","timestamp":"2026-03-18T17:29:46.647+0800","caller":"middleware/auth.go:21","message":"使用本地 JWT 认证模式"}
{"level":"info","timestamp":"2026-03-18T17:29:46.647+0800","caller":"middleware/auth.go:21","message":"使用本地 JWT 认证模式"}
{"level":"info","timestamp":"2026-03-18T17:29:46.647+0800","caller":"middleware/auth.go:21","message":"使用本地 JWT 认证模式"}
{"level":"info","timestamp":"2026-03-18T17:30:03.038+0800","caller":"middleware/traceMiddleware.go:17","message":"请求traceId:91eca98d-1188-4842-b3c7-31f2d88eb2dd"}
{"level":"info","timestamp":"2026-03-18T17:30:06.812+0800","caller":"middleware/traceMiddleware.go:17","message":"请求traceId:980b73b3-e921-4410-a905-ec9eede1808e"}
{"level":"info","timestamp":"2026-03-18T17:30:13.170+0800","caller":"middleware/traceMiddleware.go:17","message":"请求traceId:ee7eb31b-7c39-4d4a-9bad-011acf3e48fa"}
{"level":"info","timestamp":"2026-03-18T17:30:13.672+0800","caller":"common/baiduMap.go:93","message":"请求百度地图 API 成功: %+v{0 ok {[{404869 16583}]}}"}
{"level":"info","timestamp":"2026-03-19T14:33:06.859+0800","caller":"logger/logger.go:64","message":"Logger初始化成功"}
{"level":"info","timestamp":"2026-03-19T14:33:06.938+0800","caller":"middleware/auth.go:21","message":"使用本地 JWT 认证模式"}
{"level":"info","timestamp":"2026-03-19T14:33:06.938+0800","caller":"middleware/auth.go:21","message":"使用本地 JWT 认证模式"}
{"level":"info","timestamp":"2026-03-19T14:33:06.938+0800","caller":"middleware/auth.go:21","message":"使用本地 JWT 认证模式"}
{"level":"info","timestamp":"2026-03-19T16:14:12.936+0800","caller":"middleware/traceMiddleware.go:17","message":"请求traceId:88035f1e-2a86-4fae-90be-c3fa8d34cc62"}
{"level":"info","timestamp":"2026-03-19T16:14:30.844+0800","caller":"middleware/traceMiddleware.go:17","message":"请求traceId:c24df7cf-361b-49c9-bbc5-1c799627ec04"}
{"level":"info","timestamp":"2026-03-19T16:14:46.947+0800","caller":"middleware/traceMiddleware.go:17","message":"请求traceId:02ac3c54-dc7e-4f17-8027-6169db5a6d28"}
{"level":"info","timestamp":"2026-03-19T16:14:51.519+0800","caller":"middleware/traceMiddleware.go:17","message":"请求traceId:c9304f1d-989e-44f0-86d4-e335baefe460"}
{"level":"info","timestamp":"2026-03-19T16:14:53.885+0800","caller":"middleware/traceMiddleware.go:17","message":"请求traceId:07716328-be03-49cb-b618-816a8c11d1b5"}
{"level":"info","timestamp":"2026-03-19T16:14:54.818+0800","caller":"middleware/traceMiddleware.go:17","message":"请求traceId:fb81c979-012e-4408-ad39-ac831d864a8d"}
{"level":"info","timestamp":"2026-03-19T16:15:09.483+0800","caller":"middleware/traceMiddleware.go:17","message":"请求traceId:d367a982-7801-4f2b-9b15-4297dbe3daab"}
{"level":"info","timestamp":"2026-03-19T16:16:18.283+0800","caller":"logger/logger.go:64","message":"Logger初始化成功"}
{"level":"info","timestamp":"2026-03-19T16:16:18.330+0800","caller":"middleware/auth.go:21","message":"使用本地 JWT 认证模式"}
{"level":"info","timestamp":"2026-03-19T16:16:18.330+0800","caller":"middleware/auth.go:21","message":"使用本地 JWT 认证模式"}
{"level":"info","timestamp":"2026-03-19T16:16:18.331+0800","caller":"middleware/auth.go:21","message":"使用本地 JWT 认证模式"}
{"level":"info","timestamp":"2026-03-19T16:16:46.631+0800","caller":"middleware/traceMiddleware.go:17","message":"请求traceId:863e3d29-9cbb-46b8-aa70-4ec3350e0696"}
{"level":"info","timestamp":"2026-03-19T16:16:48.515+0800","caller":"middleware/traceMiddleware.go:17","message":"请求traceId:8541b1f9-d302-412b-b980-4457fd770d3f"}
{"level":"info","timestamp":"2026-03-19T16:17:01.971+0800","caller":"middleware/traceMiddleware.go:17","message":"请求traceId:79c5034f-dc59-4a0d-81da-726159040d3e"}
{"level":"info","timestamp":"2026-03-19T16:17:03.177+0800","caller":"middleware/traceMiddleware.go:17","message":"请求traceId:3da97676-8c82-44c7-a3e8-51625bbf1f14"}
{"level":"info","timestamp":"2026-03-19T16:17:09.622+0800","caller":"logger/logger.go:64","message":"Logger初始化成功"}
{"level":"info","timestamp":"2026-03-19T16:17:09.652+0800","caller":"middleware/auth.go:21","message":"使用本地 JWT 认证模式"}
{"level":"info","timestamp":"2026-03-19T16:17:09.652+0800","caller":"middleware/auth.go:21","message":"使用本地 JWT 认证模式"}
{"level":"info","timestamp":"2026-03-19T16:17:09.652+0800","caller":"middleware/auth.go:21","message":"使用本地 JWT 认证模式"}
{"level":"info","timestamp":"2026-03-19T16:17:11.853+0800","caller":"middleware/traceMiddleware.go:17","message":"请求traceId:4ce447a3-ce63-4e32-acdf-80256dfeabcf"}
{"level":"info","timestamp":"2026-03-19T16:17:12.841+0800","caller":"middleware/traceMiddleware.go:17","message":"请求traceId:4680d1a6-e290-44c6-930c-4ebb7ace67dd"}
{"level":"info","timestamp":"2026-03-19T16:17:13.929+0800","caller":"middleware/traceMiddleware.go:17","message":"请求traceId:74129e88-7a2a-4e89-96ba-b17de6274edf"}
{"level":"info","timestamp":"2026-03-19T16:17:14.844+0800","caller":"middleware/traceMiddleware.go:17","message":"请求traceId:630798b0-95cb-417c-aa7d-4cdf5782e739"}
{"level":"info","timestamp":"2026-03-19T16:17:17.690+0800","caller":"middleware/traceMiddleware.go:17","message":"请求traceId:aa22225c-f7a8-4c8b-9745-60b9cb8d3fe4"}
{"level":"info","timestamp":"2026-03-19T16:17:20.545+0800","caller":"middleware/traceMiddleware.go:17","message":"请求traceId:5a2e6d15-752f-471f-b3cb-9c31d7de5c7a"}
{"level":"info","timestamp":"2026-03-19T16:17:21.909+0800","caller":"middleware/traceMiddleware.go:17","message":"请求traceId:233e8a86-a55b-47bb-bbe9-90ea0c5dad8b"}
{"level":"info","timestamp":"2026-03-19T16:18:48.643+0800","caller":"middleware/traceMiddleware.go:17","message":"请求traceId:8406c05e-4fec-418d-8cb2-e69096510424"}
{"level":"info","timestamp":"2026-03-19T16:19:50.752+0800","caller":"logger/logger.go:64","message":"Logger初始化成功"}
{"level":"info","timestamp":"2026-03-19T16:19:50.780+0800","caller":"middleware/auth.go:21","message":"使用本地 JWT 认证模式"}
{"level":"info","timestamp":"2026-03-19T16:19:50.780+0800","caller":"middleware/auth.go:21","message":"使用本地 JWT 认证模式"}
{"level":"info","timestamp":"2026-03-19T16:19:50.780+0800","caller":"middleware/auth.go:21","message":"使用本地 JWT 认证模式"}
{"level":"info","timestamp":"2026-03-19T16:20:43.973+0800","caller":"logger/logger.go:64","message":"Logger初始化成功"}
{"level":"info","timestamp":"2026-03-19T16:21:30.689+0800","caller":"logger/logger.go:64","message":"Logger初始化成功"}
{"level":"info","timestamp":"2026-03-19T16:21:56.948+0800","caller":"logger/logger.go:64","message":"Logger初始化成功"}
{"level":"info","timestamp":"2026-03-19T16:22:09.281+0800","caller":"config/redis.go:52","message":"Redis 连接成功"}
{"level":"info","timestamp":"2026-03-19T16:22:09.281+0800","caller":"middleware/auth.go:21","message":"使用本地 JWT 认证模式"}
{"level":"info","timestamp":"2026-03-19T16:22:09.281+0800","caller":"middleware/auth.go:21","message":"使用本地 JWT 认证模式"}
{"level":"info","timestamp":"2026-03-19T16:22:09.281+0800","caller":"middleware/auth.go:21","message":"使用本地 JWT 认证模式"}
{"level":"info","timestamp":"2026-03-19T16:22:29.354+0800","caller":"logger/logger.go:64","message":"Logger初始化成功"}
{"level":"info","timestamp":"2026-03-19T16:22:43.911+0800","caller":"config/redis.go:53","message":"Redis 连接成功"}
{"level":"info","timestamp":"2026-03-19T16:22:43.911+0800","caller":"middleware/auth.go:21","message":"使用本地 JWT 认证模式"}
{"level":"info","timestamp":"2026-03-19T16:22:43.911+0800","caller":"middleware/auth.go:21","message":"使用本地 JWT 认证模式"}
{"level":"info","timestamp":"2026-03-19T16:22:43.911+0800","caller":"middleware/auth.go:21","message":"使用本地 JWT 认证模式"}
{"level":"info","timestamp":"2026-03-19T16:22:45.586+0800","caller":"middleware/traceMiddleware.go:17","message":"请求traceId:a0dcd478-3bda-490c-89e3-91a8cb122355"}
{"level":"info","timestamp":"2026-03-19T16:22:55.171+0800","caller":"middleware/traceMiddleware.go:17","message":"请求traceId:6b2f863a-7fa0-4e4e-8f52-cf4b0ea8929e"}
{"level":"info","timestamp":"2026-03-19T16:22:57.438+0800","caller":"middleware/traceMiddleware.go:17","message":"请求traceId:797120de-49e1-4f7a-840b-b3211c5f5f16"}
{"level":"info","timestamp":"2026-03-19T16:22:58.478+0800","caller":"middleware/traceMiddleware.go:17","message":"请求traceId:e7b0b486-ed40-4b62-bb51-c0ab4c634d5e"}
